Copyright 1986-2022 Xilinx, Inc. All Rights Reserved.
-----------------------------------------------------------------------------------------------------------------------------------
| Tool Version : Vivado v.2022.1 (win64) Build 3526262 Mon Apr 18 15:48:16 MDT 2022
| Date         : Tue Dec 23 13:42:22 2025
| Host         : xylo running 64-bit major release  (build 9200)
| Command      : report_utilization -file FSRCNN_CORE_wrapper_utilization_placed.rpt -pb FSRCNN_CORE_wrapper_utilization_placed.pb
| Design       : FSRCNN_CORE_wrapper
| Device       : xczu9eg-ffvb1156-2-e
| Speed File   : -2
| Design State : Fully Placed
-----------------------------------------------------------------------------------------------------------------------------------

Utilization Design Information

Table of Contents
-----------------
1. CLB Logic
1.1 Summary of Registers by Type
2. CLB Logic Distribution
3. BLOCKRAM
4. ARITHMETIC
5. I/O
6. CLOCK
7. ADVANCED
8. CONFIGURATION
9. Primitives
10. Black Boxes
11. Instantiated Netlists

1. CLB Logic
------------

+----------------------------+-------+-------+------------+-----------+-------+
|          Site Type         |  Used | Fixed | Prohibited | Available | Util% |
+----------------------------+-------+-------+------------+-----------+-------+
| CLB LUTs                   | 43450 |     0 |          0 |    274080 | 15.85 |
|   LUT as Logic             | 43403 |     0 |          0 |    274080 | 15.84 |
|   LUT as Memory            |    47 |     0 |          0 |    144000 |  0.03 |
|     LUT as Distributed RAM |     8 |     0 |            |           |       |
|     LUT as Shift Register  |    39 |     0 |            |           |       |
| CLB Registers              | 29974 |     0 |          0 |    548160 |  5.47 |
|   Register as Flip Flop    | 29974 |     0 |          0 |    548160 |  5.47 |
|   Register as Latch        |     0 |     0 |          0 |    548160 |  0.00 |
| CARRY8                     |  3086 |     0 |          0 |     34260 |  9.01 |
| F7 Muxes                   |     0 |     0 |          0 |    137040 |  0.00 |
| F8 Muxes                   |     0 |     0 |          0 |     68520 |  0.00 |
| F9 Muxes                   |     0 |     0 |          0 |     34260 |  0.00 |
+----------------------------+-------+-------+------------+-----------+-------+


1.1 Summary of Registers by Type
--------------------------------

+-------+--------------+-------------+--------------+
| Total | Clock Enable | Synchronous | Asynchronous |
+-------+--------------+-------------+--------------+
| 0     |            _ |           - |            - |
| 0     |            _ |           - |          Set |
| 0     |            _ |           - |        Reset |
| 0     |            _ |         Set |            - |
| 0     |            _ |       Reset |            - |
| 0     |          Yes |           - |            - |
| 23    |          Yes |           - |          Set |
| 6218  |          Yes |           - |        Reset |
| 136   |          Yes |         Set |            - |
| 23597 |          Yes |       Reset |            - |
+-------+--------------+-------------+--------------+


2. CLB Logic Distribution
-------------------------

+--------------------------------------------+-------+-------+------------+-----------+-------+
|                  Site Type                 |  Used | Fixed | Prohibited | Available | Util% |
+--------------------------------------------+-------+-------+------------+-----------+-------+
| CLB                                        |  8768 |     0 |          0 |     34260 | 25.59 |
|   CLBL                                     |  3068 |     0 |            |           |       |
|   CLBM                                     |  5700 |     0 |            |           |       |
| LUT as Logic                               | 43403 |     0 |          0 |    274080 | 15.84 |
|   using O5 output only                     |   118 |       |            |           |       |
|   using O6 output only                     | 25959 |       |            |           |       |
|   using O5 and O6                          | 17326 |       |            |           |       |
| LUT as Memory                              |    47 |     0 |          0 |    144000 |  0.03 |
|   LUT as Distributed RAM                   |     8 |     0 |            |           |       |
|     using O5 output only                   |     0 |       |            |           |       |
|     using O6 output only                   |     0 |       |            |           |       |
|     using O5 and O6                        |     8 |       |            |           |       |
|   LUT as Shift Register                    |    39 |     0 |            |           |       |
|     using O5 output only                   |     0 |       |            |           |       |
|     using O6 output only                   |    39 |       |            |           |       |
|     using O5 and O6                        |     0 |       |            |           |       |
| CLB Registers                              | 29974 |     0 |          0 |    548160 |  5.47 |
|   Register driven from within the CLB      | 24158 |       |            |           |       |
|   Register driven from outside the CLB     |  5816 |       |            |           |       |
|     LUT in front of the register is unused |  5336 |       |            |           |       |
|     LUT in front of the register is used   |   480 |       |            |           |       |
| Unique Control Sets                        |   458 |       |          0 |     68520 |  0.67 |
+--------------------------------------------+-------+-------+------------+-----------+-------+
* * Note: Available Control Sets calculated as Slices * 2, Review the Control Sets Report for more information regarding control sets.


3. BLOCKRAM
-----------

+-------------------+------+-------+------------+-----------+-------+
|     Site Type     | Used | Fixed | Prohibited | Available | Util% |
+-------------------+------+-------+------------+-----------+-------+
| Block RAM Tile    |  107 |     0 |          0 |       912 | 11.73 |
|   RAMB36/FIFO*    |  101 |     0 |          0 |       912 | 11.07 |
|     RAMB36E2 only |  101 |       |            |           |       |
|   RAMB18          |   12 |     0 |          0 |      1824 |  0.66 |
|     RAMB18E2 only |   12 |       |            |           |       |
+-------------------+------+-------+------------+-----------+-------+
* Note: Each Block RAM Tile only has one FIFO logic available and therefore can accommodate only one FIFO36E2 or one FIFO18E2. However, if a FIFO18E2 occupies a Block RAM Tile, that tile can still accommodate a RAMB18E2


4. ARITHMETIC
-------------

+----------------+------+-------+------------+-----------+-------+
|    Site Type   | Used | Fixed | Prohibited | Available | Util% |
+----------------+------+-------+------------+-----------+-------+
| DSPs           | 1513 |     0 |          0 |      2520 | 60.04 |
|   DSP48E2 only | 1513 |       |            |           |       |
+----------------+------+-------+------------+-----------+-------+


5. I/O
------

+------------------+------+-------+------------+-----------+-------+
|     Site Type    | Used | Fixed | Prohibited | Available | Util% |
+------------------+------+-------+------------+-----------+-------+
| Bonded IOB       |   39 |     0 |          0 |       328 | 11.89 |
| HPIOB_M          |   20 |     0 |          0 |        96 | 20.83 |
|   INPUT          |   14 |       |            |           |       |
|   OUTPUT         |    6 |       |            |           |       |
|   BIDIR          |    0 |       |            |           |       |
| HPIOB_S          |   19 |     0 |          0 |        96 | 19.79 |
|   INPUT          |   14 |       |            |           |       |
|   OUTPUT         |    5 |       |            |           |       |
|   BIDIR          |    0 |       |            |           |       |
| HDIOB_M          |    0 |     0 |          0 |        60 |  0.00 |
| HDIOB_S          |    0 |     0 |          0 |        60 |  0.00 |
| HPIOB_SNGL       |    0 |     0 |          0 |        16 |  0.00 |
| HPIOBDIFFINBUF   |    0 |     0 |          0 |        96 |  0.00 |
| HPIOBDIFFOUTBUF  |    0 |     0 |          0 |        96 |  0.00 |
| HDIOBDIFFINBUF   |    0 |     0 |          0 |        60 |  0.00 |
| BITSLICE_CONTROL |    0 |     0 |          0 |        32 |  0.00 |
| BITSLICE_RX_TX   |    0 |     0 |          0 |      1248 |  0.00 |
| BITSLICE_TX      |    0 |     0 |          0 |        32 |  0.00 |
| RIU_OR           |    0 |     0 |          0 |        16 |  0.00 |
+------------------+------+-------+------------+-----------+-------+


6. CLOCK
--------

+----------------------+------+-------+------------+-----------+-------+
|       Site Type      | Used | Fixed | Prohibited | Available | Util% |
+----------------------+------+-------+------------+-----------+-------+
| GLOBAL CLOCK BUFFERs |    1 |     0 |          0 |       404 |  0.25 |
|   BUFGCE             |    1 |     0 |          0 |       116 |  0.86 |
|   BUFGCE_DIV         |    0 |     0 |          0 |        16 |  0.00 |
|   BUFG_GT            |    0 |     0 |          0 |       168 |  0.00 |
|   BUFG_PS            |    0 |     0 |          0 |        72 |  0.00 |
|   BUFGCTRL*          |    0 |     0 |          0 |        32 |  0.00 |
| PLL                  |    0 |     0 |          0 |         8 |  0.00 |
| MMCM                 |    0 |     0 |          0 |         4 |  0.00 |
+----------------------+------+-------+------------+-----------+-------+
* Note: Each used BUFGCTRL counts as two GLOBAL CLOCK BUFFERs. This table does not include global clocking resources, only buffer cell usage. See the Clock Utilization Report (report_clock_utilization) for detailed accounting of global clocking resource availability.


7. ADVANCED
-----------

+-----------------+------+-------+------------+-----------+-------+
|    Site Type    | Used | Fixed | Prohibited | Available | Util% |
+-----------------+------+-------+------------+-----------+-------+
| GTHE4_CHANNEL   |    0 |     0 |          0 |        24 |  0.00 |
| GTHE4_COMMON    |    0 |     0 |          0 |         6 |  0.00 |
| OBUFDS_GTE4     |    0 |     0 |          0 |        12 |  0.00 |
| OBUFDS_GTE4_ADV |    0 |     0 |          0 |        12 |  0.00 |
| PS8             |    0 |     0 |          0 |         1 |  0.00 |
| SYSMONE4        |    0 |     0 |          0 |         1 |  0.00 |
+-----------------+------+-------+------------+-----------+-------+


8. CONFIGURATION
----------------

+-------------+------+-------+------------+-----------+-------+
|  Site Type  | Used | Fixed | Prohibited | Available | Util% |
+-------------+------+-------+------------+-----------+-------+
| BSCANE2     |    0 |     0 |          0 |         4 |  0.00 |
| DNA_PORTE2  |    0 |     0 |          0 |         1 |  0.00 |
| EFUSE_USR   |    0 |     0 |          0 |         1 |  0.00 |
| FRAME_ECCE4 |    0 |     0 |          0 |         1 |  0.00 |
| ICAPE3      |    0 |     0 |          0 |         2 |  0.00 |
| MASTER_JTAG |    0 |     0 |          0 |         1 |  0.00 |
| STARTUPE3   |    0 |     0 |          0 |         1 |  0.00 |
+-------------+------+-------+------------+-----------+-------+


9. Primitives
-------------

+----------+-------+---------------------+
| Ref Name |  Used | Functional Category |
+----------+-------+---------------------+
| LUT2     | 30109 |                 CLB |
| FDRE     | 23597 |            Register |
| LUT3     | 14655 |                 CLB |
| LUT6     |  8672 |                 CLB |
| FDCE     |  6218 |            Register |
| LUT4     |  4901 |                 CLB |
| CARRY8   |  3086 |                 CLB |
| LUT5     |  1982 |                 CLB |
| DSP48E2  |  1513 |          Arithmetic |
| LUT1     |   410 |                 CLB |
| FDSE     |   136 |            Register |
| RAMB36E2 |   101 |            BLOCKRAM |
| SRL16E   |    39 |                 CLB |
| INBUF    |    28 |                 I/O |
| IBUFCTRL |    28 |              Others |
| FDPE     |    23 |            Register |
| RAMD32   |    14 |                 CLB |
| RAMB18E2 |    12 |            BLOCKRAM |
| OBUF     |    11 |                 I/O |
| RAMS32   |     2 |                 CLB |
| BUFGCE   |     1 |               Clock |
+----------+-------+---------------------+


10. Black Boxes
---------------

+----------+------+
| Ref Name | Used |
+----------+------+


11. Instantiated Netlists
-------------------------

+-----------------------------+------+
|           Ref Name          | Used |
+-----------------------------+------+
| FSRCNN_CORE_Y_Converter_0_0 |    1 |
| FSRCNN_CORE_S_Layer_0_0     |    1 |
| FSRCNN_CORE_M_Layer_0_0     |    1 |
| FSRCNN_CORE_F_Layer_0_0     |    1 |
| FSRCNN_CORE_E_Layer_0_0     |    1 |
| FSRCNN_CORE_D_top_0_0       |    1 |
+-----------------------------+------+


