Copyright 1986-2022 Xilinx, Inc. All Rights Reserved.
-----------------------------------------------------------------------------------------------------------------------------
| Tool Version : Vivado v.2022.1 (win64) Build 3526262 Mon Apr 18 15:48:16 MDT 2022
| Date         : Tue Sep 30 23:42:53 2025
| Host         : jungho_idsl running 64-bit major release  (build 9200)
| Command      : report_utilization -file design_1_wrapper_utilization_placed.rpt -pb design_1_wrapper_utilization_placed.pb
| Design       : design_1_wrapper
| Device       : xczu9eg-ffvb1156-2-e
| Speed File   : -2
| Design State : Fully Placed
-----------------------------------------------------------------------------------------------------------------------------

Utilization Design Information

Table of Contents
-----------------
1. CLB Logic
1.1 Summary of Registers by Type
2. CLB Logic Distribution
3. BLOCKRAM
4. ARITHMETIC
5. I/O
6. CLOCK
7. ADVANCED
8. CONFIGURATION
9. Primitives
10. Black Boxes
11. Instantiated Netlists

1. CLB Logic
------------

+----------------------------+-------+-------+------------+-----------+-------+
|          Site Type         |  Used | Fixed | Prohibited | Available | Util% |
+----------------------------+-------+-------+------------+-----------+-------+
| CLB LUTs                   | 13335 |     0 |          0 |    274080 |  4.87 |
|   LUT as Logic             | 12079 |     0 |          0 |    274080 |  4.41 |
|   LUT as Memory            |  1256 |     0 |          0 |    144000 |  0.87 |
|     LUT as Distributed RAM |   742 |     0 |            |           |       |
|     LUT as Shift Register  |   514 |     0 |            |           |       |
| CLB Registers              | 20785 |     0 |          0 |    548160 |  3.79 |
|   Register as Flip Flop    | 20785 |     0 |          0 |    548160 |  3.79 |
|   Register as Latch        |     0 |     0 |          0 |    548160 |  0.00 |
| CARRY8                     |   361 |     0 |          0 |     34260 |  1.05 |
| F7 Muxes                   |    24 |     0 |          0 |    137040 |  0.02 |
| F8 Muxes                   |     0 |     0 |          0 |     68520 |  0.00 |
| F9 Muxes                   |     0 |     0 |          0 |     34260 |  0.00 |
+----------------------------+-------+-------+------------+-----------+-------+


1.1 Summary of Registers by Type
--------------------------------

+-------+--------------+-------------+--------------+
| Total | Clock Enable | Synchronous | Asynchronous |
+-------+--------------+-------------+--------------+
| 0     |            _ |           - |            - |
| 0     |            _ |           - |          Set |
| 0     |            _ |           - |        Reset |
| 0     |            _ |         Set |            - |
| 0     |            _ |       Reset |            - |
| 0     |          Yes |           - |            - |
| 80    |          Yes |           - |          Set |
| 6486  |          Yes |           - |        Reset |
| 349   |          Yes |         Set |            - |
| 13870 |          Yes |       Reset |            - |
+-------+--------------+-------------+--------------+


2. CLB Logic Distribution
-------------------------

+--------------------------------------------+-------+-------+------------+-----------+-------+
|                  Site Type                 |  Used | Fixed | Prohibited | Available | Util% |
+--------------------------------------------+-------+-------+------------+-----------+-------+
| CLB                                        |  3169 |     0 |          0 |     34260 |  9.25 |
|   CLBL                                     |  1305 |     0 |            |           |       |
|   CLBM                                     |  1864 |     0 |            |           |       |
| LUT as Logic                               | 12079 |     0 |          0 |    274080 |  4.41 |
|   using O5 output only                     |   379 |       |            |           |       |
|   using O6 output only                     |  6741 |       |            |           |       |
|   using O5 and O6                          |  4959 |       |            |           |       |
| LUT as Memory                              |  1256 |     0 |          0 |    144000 |  0.87 |
|   LUT as Distributed RAM                   |   742 |     0 |            |           |       |
|     using O5 output only                   |     0 |       |            |           |       |
|     using O6 output only                   |     6 |       |            |           |       |
|     using O5 and O6                        |   736 |       |            |           |       |
|   LUT as Shift Register                    |   514 |     0 |            |           |       |
|     using O5 output only                   |     0 |       |            |           |       |
|     using O6 output only                   |   165 |       |            |           |       |
|     using O5 and O6                        |   349 |       |            |           |       |
| CLB Registers                              | 20785 |     0 |          0 |    548160 |  3.79 |
|   Register driven from within the CLB      | 11108 |       |            |           |       |
|   Register driven from outside the CLB     |  9677 |       |            |           |       |
|     LUT in front of the register is unused |  7885 |       |            |           |       |
|     LUT in front of the register is used   |  1792 |       |            |           |       |
| Unique Control Sets                        |   694 |       |          0 |     68520 |  1.01 |
+--------------------------------------------+-------+-------+------------+-----------+-------+
* * Note: Available Control Sets calculated as Slices * 2, Review the Control Sets Report for more information regarding control sets.


3. BLOCKRAM
-----------

+-------------------+------+-------+------------+-----------+-------+
|     Site Type     | Used | Fixed | Prohibited | Available | Util% |
+-------------------+------+-------+------------+-----------+-------+
| Block RAM Tile    |   19 |     0 |          0 |       912 |  2.08 |
|   RAMB36/FIFO*    |   17 |     0 |          0 |       912 |  1.86 |
|     RAMB36E2 only |   17 |       |            |           |       |
|   RAMB18          |    4 |     0 |          0 |      1824 |  0.22 |
|     RAMB18E2 only |    4 |       |            |           |       |
+-------------------+------+-------+------------+-----------+-------+
* Note: Each Block RAM Tile only has one FIFO logic available and therefore can accommodate only one FIFO36E2 or one FIFO18E2. However, if a FIFO18E2 occupies a Block RAM Tile, that tile can still accommodate a RAMB18E2


4. ARITHMETIC
-------------

+----------------+------+-------+------------+-----------+-------+
|    Site Type   | Used | Fixed | Prohibited | Available | Util% |
+----------------+------+-------+------------+-----------+-------+
| DSPs           |  145 |     0 |          0 |      2520 |  5.75 |
|   DSP48E2 only |  145 |       |            |           |       |
+----------------+------+-------+------------+-----------+-------+


5. I/O
------

+------------------+------+-------+------------+-----------+-------+
|     Site Type    | Used | Fixed | Prohibited | Available | Util% |
+------------------+------+-------+------------+-----------+-------+
| Bonded IOB       |    0 |     0 |          0 |       328 |  0.00 |
| HPIOB_M          |    0 |     0 |          0 |        96 |  0.00 |
| HPIOB_S          |    0 |     0 |          0 |        96 |  0.00 |
| HDIOB_M          |    0 |     0 |          0 |        60 |  0.00 |
| HDIOB_S          |    0 |     0 |          0 |        60 |  0.00 |
| HPIOB_SNGL       |    0 |     0 |          0 |        16 |  0.00 |
| HPIOBDIFFINBUF   |    0 |     0 |          0 |        96 |  0.00 |
| HPIOBDIFFOUTBUF  |    0 |     0 |          0 |        96 |  0.00 |
| HDIOBDIFFINBUF   |    0 |     0 |          0 |        60 |  0.00 |
| BITSLICE_CONTROL |    0 |     0 |          0 |        32 |  0.00 |
| BITSLICE_RX_TX   |    0 |     0 |          0 |      1248 |  0.00 |
| BITSLICE_TX      |    0 |     0 |          0 |        32 |  0.00 |
| RIU_OR           |    0 |     0 |          0 |        16 |  0.00 |
+------------------+------+-------+------------+-----------+-------+


6. CLOCK
--------

+----------------------+------+-------+------------+-----------+-------+
|       Site Type      | Used | Fixed | Prohibited | Available | Util% |
+----------------------+------+-------+------------+-----------+-------+
| GLOBAL CLOCK BUFFERs |    5 |     0 |          0 |       404 |  1.24 |
|   BUFGCE             |    4 |     0 |          0 |       116 |  3.45 |
|   BUFGCE_DIV         |    0 |     0 |          0 |        16 |  0.00 |
|   BUFG_GT            |    0 |     0 |          0 |       168 |  0.00 |
|   BUFG_PS            |    1 |     0 |          0 |        72 |  1.39 |
|   BUFGCTRL*          |    0 |     0 |          0 |        32 |  0.00 |
| PLL                  |    0 |     0 |          0 |         8 |  0.00 |
| MMCM                 |    0 |     0 |          0 |         4 |  0.00 |
+----------------------+------+-------+------------+-----------+-------+
* Note: Each used BUFGCTRL counts as two GLOBAL CLOCK BUFFERs. This table does not include global clocking resources, only buffer cell usage. See the Clock Utilization Report (report_clock_utilization) for detailed accounting of global clocking resource availability.


7. ADVANCED
-----------

+-----------------+------+-------+------------+-----------+--------+
|    Site Type    | Used | Fixed | Prohibited | Available |  Util% |
+-----------------+------+-------+------------+-----------+--------+
| GTHE4_CHANNEL   |    0 |     0 |          0 |        24 |   0.00 |
| GTHE4_COMMON    |    0 |     0 |          0 |         6 |   0.00 |
| OBUFDS_GTE4     |    0 |     0 |          0 |        12 |   0.00 |
| OBUFDS_GTE4_ADV |    0 |     0 |          0 |        12 |   0.00 |
| PS8             |    1 |     0 |          0 |         1 | 100.00 |
| SYSMONE4        |    0 |     0 |          0 |         1 |   0.00 |
+-----------------+------+-------+------------+-----------+--------+


8. CONFIGURATION
----------------

+-------------+------+-------+------------+-----------+-------+
|  Site Type  | Used | Fixed | Prohibited | Available | Util% |
+-------------+------+-------+------------+-----------+-------+
| BSCANE2     |    1 |     0 |          0 |         4 | 25.00 |
| DNA_PORTE2  |    0 |     0 |          0 |         1 |  0.00 |
| EFUSE_USR   |    0 |     0 |          0 |         1 |  0.00 |
| FRAME_ECCE4 |    0 |     0 |          0 |         1 |  0.00 |
| ICAPE3      |    0 |     0 |          0 |         2 |  0.00 |
| MASTER_JTAG |    0 |     0 |          0 |         1 |  0.00 |
| STARTUPE3   |    0 |     0 |          0 |         1 |  0.00 |
+-------------+------+-------+------------+-----------+-------+


9. Primitives
-------------

+----------+-------+---------------------+
| Ref Name |  Used | Functional Category |
+----------+-------+---------------------+
| FDRE     | 13870 |            Register |
| FDCE     |  6486 |            Register |
| LUT3     |  5089 |                 CLB |
| LUT2     |  3985 |                 CLB |
| LUT6     |  3547 |                 CLB |
| LUT5     |  2191 |                 CLB |
| LUT4     |  1949 |                 CLB |
| RAMD32   |  1292 |                 CLB |
| SRL16E   |   649 |                 CLB |
| CARRY8   |   361 |                 CLB |
| FDSE     |   349 |            Register |
| LUT1     |   277 |                 CLB |
| SRLC32E  |   212 |                 CLB |
| RAMS32   |   186 |                 CLB |
| DSP48E2  |   145 |          Arithmetic |
| FDPE     |    80 |            Register |
| MUXF7    |    24 |                 CLB |
| RAMB36E2 |    17 |            BLOCKRAM |
| RAMB18E2 |     4 |            BLOCKRAM |
| BUFGCE   |     4 |               Clock |
| SRLC16E  |     2 |                 CLB |
| PS8      |     1 |            Advanced |
| BUFG_PS  |     1 |               Clock |
| BSCANE2  |     1 |       Configuration |
+----------+-------+---------------------+


10. Black Boxes
---------------

+----------+------+
| Ref Name | Used |
+----------+------+


11. Instantiated Netlists
-------------------------

+------------------------------+------+
|           Ref Name           | Used |
+------------------------------+------+
| design_1_zynq_ultra_ps_e_0_0 |    1 |
| design_1_xbar_0              |    1 |
| design_1_system_ila_0_0      |    1 |
| design_1_smartconnect_0_0    |    1 |
| design_1_proc_sys_reset_0_0  |    1 |
| design_1_deconv_top_0_0      |    1 |
| design_1_axi_dma_0_0         |    1 |
| design_1_auto_pc_0           |    1 |
| design_1_auto_ds_0           |    1 |
| dbg_hub                      |    1 |
+------------------------------+------+


